
> symlabsn_final@0.1.0 build
> next build

   Ôû▓ Next.js 15.0.5

   Creating an optimized production build ...
node.exe : Failed to compile.
Au caractère Ligne:1 : 1
+ & "C:\Program 
Files\nodejs/node.exe" 
"C:\Program Files\nodejs/node_mo 
...
+ ~~~~~~~~~~~~~~~~~~~~~~~~~~~~~~~
~~~~~~~~~~~~~~~~~~~~~~~~~~~~~~~~~
~~~~~
    + CategoryInfo          : No 
   tSpecified: (Failed to compi  
  le.:String) [], RemoteExcept   
 ion
    + FullyQualifiedErrorId : Na 
   tiveCommandError
 

./src/components/Physique1ereSimu
lations.js
Module not found: Can't resolve 
'canvas-confetti'

https://nextjs.org/docs/messages/
module-not-found

Import trace for requested 
module:
./src/components/Simulation3D.js
./src/app/simulations/[id]/page.j
s


> Build failed because of 
webpack errors
